Copyright 1986-2017 Xilinx, Inc. All Rights Reserved.
---------------------------------------------------------------------------------------------
| Tool Version : Vivado v.2017.4 (win64) Build 2086221 Fri Dec 15 20:55:39 MST 2017
| Date         : Fri May 11 23:13:01 2018
| Host         : DESKTOP-1UKU17Q running 64-bit major release  (build 9200)
| Command      : report_control_sets -verbose -file design_1_wrapper_control_sets_placed.rpt
| Design       : design_1_wrapper
| Device       : xc7a100t
---------------------------------------------------------------------------------------------

Control Set Information

Table of Contents
-----------------
1. Summary
2. Flip-Flop Distribution
3. Detailed Control Set Information

1. Summary
----------

+----------------------------------------------------------+-------+
|                          Status                          | Count |
+----------------------------------------------------------+-------+
| Number of unique control sets                            |   157 |
| Unused register locations in slices containing registers |   259 |
+----------------------------------------------------------+-------+


2. Flip-Flop Distribution
-------------------------

+--------------+-----------------------+------------------------+-----------------+--------------+
| Clock Enable | Synchronous Set/Reset | Asynchronous Set/Reset | Total Registers | Total Slices |
+--------------+-----------------------+------------------------+-----------------+--------------+
| No           | No                    | No                     |             277 |          111 |
| No           | No                    | Yes                    |              29 |            6 |
| No           | Yes                   | No                     |             298 |          130 |
| Yes          | No                    | No                     |             720 |          221 |
| Yes          | No                    | Yes                    |              15 |            8 |
| Yes          | Yes                   | No                     |            3538 |         1431 |
+--------------+-----------------------+------------------------+-----------------+--------------+


3. Detailed Control Set Information
-----------------------------------

+-------------------------------------------------------------+---------------------------------------------------------------------------------------------------------------------------------------------------------------------------------------------------------+-------------------------------------------------------------------------------------------------------------------------------------------------------+------------------+----------------+
|                         Clock Signal                        |                                                                                              Enable Signal                                                                                              |                                                                    Set/Reset Signal                                                                   | Slice Load Count | Bel Load Count |
+-------------------------------------------------------------+---------------------------------------------------------------------------------------------------------------------------------------------------------------------------------------------------------+-------------------------------------------------------------------------------------------------------------------------------------------------------+------------------+----------------+
|  design_1_i/clk_wiz_1/inst/clk_out1                         |                                                                                                                                                                                                         | design_1_i/microblaze_0/U0/MicroBlaze_Core_I/Performance.Core/Decode_I/dbg_stop_i                                                                     |                1 |              1 |
| ~design_1_i/mdm_1/U0/No_Dbg_Reg_Access.BUFG_DRCK/Dbg_Clk_31 | design_1_i/mdm_1/U0/MDM_Core_I1/JTAG_CONTROL_I/Use_BSCAN.FDC_I/CE                                                                                                                                       | design_1_i/mdm_1/U0/MDM_Core_I1/JTAG_CONTROL_I/Use_BSCAN.FDC_I/D_1                                                                                    |                1 |              1 |
| ~design_1_i/mdm_1/U0/Use_E2.BSCAN_I/Ext_JTAG_UPDATE         |                                                                                                                                                                                                         | design_1_i/mdm_1/U0/MDM_Core_I1/JTAG_CONTROL_I/sel_n                                                                                                  |                1 |              1 |
|  design_1_i/mdm_1/U0/Use_E2.BSCAN_I/Ext_JTAG_UPDATE         | design_1_i/microblaze_0/U0/MicroBlaze_Core_I/Performance.Core/Use_Debug_Logic.Master_Core.Debug_Perf/Control_Reg_En                                                                                     | design_1_i/microblaze_0/U0/MicroBlaze_Core_I/Performance.Core/Use_Debug_Logic.Master_Core.Debug_Perf/start_single_step_reg_n_0                        |                1 |              1 |
|  design_1_i/mdm_1/U0/Use_E2.BSCAN_I/Ext_JTAG_UPDATE         | design_1_i/microblaze_0/U0/MicroBlaze_Core_I/Performance.Core/Use_Debug_Logic.Master_Core.Debug_Perf/Control_Reg_En                                                                                     | design_1_i/microblaze_0/U0/MicroBlaze_Core_I/Performance.Core/Use_Debug_Logic.Master_Core.Debug_Perf/Serial_Dbg_Intf.normal_stop_cmd_i_reg_n_0        |                1 |              1 |
|  design_1_i/mdm_1/U0/No_Dbg_Reg_Access.BUFG_DRCK/Dbg_Clk_31 | design_1_i/mdm_1/U0/Use_E2.BSCAN_I/Dbg_Capture_0                                                                                                                                                        | design_1_i/mdm_1/U0/MDM_Core_I1/JTAG_CONTROL_I/sel_reset                                                                                              |                1 |              1 |
|  design_1_i/mdm_1/U0/Use_E2.BSCAN_I/Ext_JTAG_UPDATE         | design_1_i/microblaze_0/U0/MicroBlaze_Core_I/Performance.Core/Use_Debug_Logic.Master_Core.Debug_Perf/Control_Reg_En                                                                                     | design_1_i/microblaze_0/U0/MicroBlaze_Core_I/Performance.Core/Use_Debug_Logic.Master_Core.Debug_Perf/Serial_Dbg_Intf.continue_from_brk_reg_n_0        |                1 |              1 |
|  design_1_i/clk_wiz_1/inst/clk_out1                         |                                                                                                                                                                                                         | design_1_i/microblaze_0/U0/MicroBlaze_Core_I/Performance.Core/Decode_I/flush_pipe                                                                     |                1 |              1 |
|  design_1_i/mdm_1/U0/Use_E2.BSCAN_I/Ext_JTAG_UPDATE         | design_1_i/microblaze_0/U0/MicroBlaze_Core_I/Performance.Core/Use_Debug_Logic.Master_Core.Debug_Perf/Control_Reg_En                                                                                     | design_1_i/microblaze_0/U0/MicroBlaze_Core_I/Performance.Core/Use_Debug_Logic.Master_Core.Debug_Perf/Performance_Debug_Control.force_stop_cmd_1_reg_0 |                1 |              1 |
|  design_1_i/clk_wiz_1/inst/clk_out1                         |                                                                                                                                                                                                         | design_1_i/microblaze_0_axi_intc/U0/INTC_CORE_I/p_13_out                                                                                              |                1 |              1 |
|  design_1_i/clk_wiz_1/inst/clk_out1                         |                                                                                                                                                                                                         | design_1_i/microblaze_0_axi_intc/U0/INTC_CORE_I/p_14_out                                                                                              |                1 |              1 |
|  design_1_i/clk_wiz_1/inst/clk_out1                         |                                                                                                                                                                                                         | design_1_i/microblaze_0/U0/MicroBlaze_Core_I/Performance.Core/Use_Debug_Logic.Master_Core.Debug_Perf/capture_1                                        |                1 |              1 |
|  design_1_i/clk_wiz_1/inst/clk_out1                         | design_1_i/microblaze_0/U0/MicroBlaze_Core_I/Performance.Core/Decode_I/Use_MuxCy[2].OF_Piperun_Stage/MUXCY_I/lopt_1                                                                                     |                                                                                                                                                       |                1 |              1 |
|  design_1_i/mdm_1/U0/Use_E2.BSCAN_I/Ext_JTAG_UPDATE         | design_1_i/microblaze_0/U0/MicroBlaze_Core_I/Performance.Core/Use_Debug_Logic.Master_Core.Debug_Perf/Command_Reg_En                                                                                     | design_1_i/microblaze_0/U0/MicroBlaze_Core_I/Performance.Core/Use_Debug_Logic.Master_Core.Debug_Perf/command_reg_clear                                |                1 |              2 |
|  design_1_i/clk_wiz_1/inst/clk_out1                         | design_1_i/microblaze_0/U0/MicroBlaze_Core_I/Performance.Core/Decode_I/Use_MuxCy[10].OF_Piperun_Stage/MUXCY_I/lopt_1                                                                                    |                                                                                                                                                       |                1 |              2 |
|  design_1_i/mdm_1/U0/Use_E2.BSCAN_I/Ext_JTAG_UPDATE         |                                                                                                                                                                                                         |                                                                                                                                                       |                2 |              3 |
|  design_1_i/mdm_1/U0/Use_E2.BSCAN_I/Ext_JTAG_UPDATE         | design_1_i/mdm_1/U0/MDM_Core_I1/MDM_SEL                                                                                                                                                                 | design_1_i/mdm_1/U0/Use_E2.BSCAN_I/AR[0]                                                                                                              |                1 |              4 |
|  design_1_i/clk_wiz_1/inst/clk_out1                         | design_1_i/axi_uartlite/U0/UARTLITE_CORE_I/BAUD_RATE_I/en_16x_Baud                                                                                                                                      |                                                                                                                                                       |                2 |              4 |
| ~design_1_i/mdm_1/U0/Use_E2.BSCAN_I/Ext_JTAG_UPDATE         |                                                                                                                                                                                                         | design_1_i/mdm_1/U0/Use_E2.BSCAN_I/AR[0]                                                                                                              |                1 |              4 |
|  design_1_i/clk_wiz_1/inst/clk_out1                         | design_1_i/sha256IPCoProcessor_0/U0/sha256IPCoProcessor_v1_0_S00_AXI_inst/axi_awready_i_2_n_0                                                                                                           | design_1_i/sha256IPCoProcessor_0/U0/sha256IPCoProcessor_v1_0_S00_AXI_inst/axi_awready_i_1_n_0                                                         |                1 |              4 |
|  design_1_i/clk_wiz_1/inst/clk_out1                         |                                                                                                                                                                                                         | design_1_i/microblaze_0_axi_intc/U0/AXI_LITE_IPIF_I/I_SLAVE_ATTACHMENT/clear                                                                          |                1 |              4 |
|  design_1_i/mdm_1/U0/No_Dbg_Reg_Access.BUFG_DRCK/Dbg_Clk_31 | design_1_i/mdm_1/U0/MDM_Core_I1/p_0_out                                                                                                                                                                 | design_1_i/mdm_1/U0/Use_E2.BSCAN_I/AR[0]                                                                                                              |                1 |              4 |
|  design_1_i/clk_wiz_1/inst/clk_out1                         | design_1_i/axi_uartlite/U0/AXI_LITE_IPIF_I/I_SLAVE_ATTACHMENT/start2                                                                                                                                    | design_1_i/axi_uartlite/U0/AXI_LITE_IPIF_I/I_SLAVE_ATTACHMENT/I_DECODER/cs_ce_clr                                                                     |                2 |              4 |
|  design_1_i/mdm_1/U0/Use_E2.BSCAN_I/Ext_JTAG_UPDATE         | design_1_i/microblaze_0/U0/MicroBlaze_Core_I/Performance.Core/Use_Debug_Logic.Master_Core.Debug_Perf/Control_Reg_En                                                                                     |                                                                                                                                                       |                2 |              5 |
|  design_1_i/clk_wiz_1/inst/clk_out1                         | design_1_i/microblaze_0/U0/MicroBlaze_Core_I/Performance.Core/Decode_I/wb_Halted                                                                                                                        | design_1_i/microblaze_0/U0/MicroBlaze_Core_I/sync_reset                                                                                               |                3 |              5 |
|  design_1_i/clk_wiz_1/inst/clk_out1                         |                                                                                                                                                                                                         | design_1_i/rst_clk_wiz_1_100M/U0/EXT_LPF/lpf_int                                                                                                      |                2 |              5 |
|  design_1_i/clk_wiz_1/inst/clk_out1                         | design_1_i/sha256IPCoProcessor_0/U0/sha256IPCoProcessor_v1_0_S00_AXI_inst/axi_arready_i_1_n_0                                                                                                           | design_1_i/sha256IPCoProcessor_0/U0/sha256IPCoProcessor_v1_0_S00_AXI_inst/axi_awready_i_1_n_0                                                         |                1 |              5 |
|  design_1_i/mdm_1/U0/No_Dbg_Reg_Access.BUFG_DRCK/Dbg_Clk_31 | design_1_i/mdm_1/U0/Use_E2.BSCAN_I/E[0]                                                                                                                                                                 |                                                                                                                                                       |                1 |              6 |
|  design_1_i/clk_wiz_1/inst/clk_out1                         |                                                                                                                                                                                                         | design_1_i/axi_uartlite/U0/UARTLITE_CORE_I/UARTLITE_RX_I/SRL_FIFO_I/I_SRL_FIFO_RBU_F/CNTR_INCR_DECR_ADDN_F_I/SS[0]                                    |                2 |              6 |
|  design_1_i/clk_wiz_1/inst/clk_out1                         | design_1_i/sha256IPCoProcessor_0/U0/sha256IPCoProcessor_v1_0_S00_AXI_inst/FSM_onehot_CS[5]_i_1_n_0                                                                                                      | design_1_i/sha256IPCoProcessor_0/U0/sha256IPCoProcessor_v1_0_S00_AXI_inst/axi_awready_i_1_n_0                                                         |                4 |              6 |
|  design_1_i/clk_wiz_1/inst/clk_out1                         |                                                                                                                                                                                                         | design_1_i/axi_uartlite/U0/UARTLITE_CORE_I/UARTLITE_TX_I/SRL_FIFO_I/I_SRL_FIFO_RBU_F/CNTR_INCR_DECR_ADDN_F_I/SS[0]                                    |                2 |              6 |
|  design_1_i/mdm_1/U0/No_Dbg_Reg_Access.BUFG_DRCK/Dbg_Clk_31 | design_1_i/mdm_1/U0/Use_E2.BSCAN_I/Use_Serial_Unified_Completion.count_reg[5]_0[0]                                                                                                                      |                                                                                                                                                       |                2 |              6 |
|  design_1_i/clk_wiz_1/inst/clk_out1                         | design_1_i/rst_clk_wiz_1_100M/U0/SEQ/seq_cnt_en                                                                                                                                                         | design_1_i/rst_clk_wiz_1_100M/U0/SEQ/SEQ_COUNTER/clear                                                                                                |                1 |              6 |
|  design_1_i/mdm_1/U0/No_Dbg_Reg_Access.BUFG_DRCK/Dbg_Clk_31 | design_1_i/mdm_1/U0/MDM_Core_I1/JTAG_CONTROL_I/Use_BSCAN.FDC_I/Use_Serial_Unified_Completion.sample_1_reg[10][0]                                                                                        |                                                                                                                                                       |                3 |              6 |
|  design_1_i/clk_wiz_1/inst/clk_out1                         |                                                                                                                                                                                                         | design_1_i/microblaze_0_axi_intc/U0/AXI_LITE_IPIF_I/I_SLAVE_ATTACHMENT/rst                                                                            |                5 |              7 |
|  design_1_i/clk_wiz_1/inst/clk_out1                         | design_1_i/axi_uartlite/U0/UARTLITE_CORE_I/UARTLITE_RX_I/SRL_FIFO_I/I_SRL_FIFO_RBU_F/DYNSHREG_F_I/fifo_wr                                                                                               |                                                                                                                                                       |                1 |              8 |
|  design_1_i/clk_wiz_1/inst/clk_out1                         | design_1_i/axi_uartlite/U0/AXI_LITE_IPIF_I/I_SLAVE_ATTACHMENT/s_axi_rdata_i                                                                                                                             | design_1_i/axi_uartlite/U0/AXI_LITE_IPIF_I/I_SLAVE_ATTACHMENT/rst                                                                                     |                3 |              8 |
|  design_1_i/clk_wiz_1/inst/clk_out1                         | design_1_i/microblaze_0_axi_intc/U0/AXI_LITE_IPIF_I/I_SLAVE_ATTACHMENT/bus2ip_addr_i[8]_i_1_n_0                                                                                                         | design_1_i/microblaze_0_axi_intc/U0/AXI_LITE_IPIF_I/I_SLAVE_ATTACHMENT/rst                                                                            |                1 |              8 |
| ~design_1_i/mdm_1/U0/Use_E2.BSCAN_I/Ext_JTAG_UPDATE         | design_1_i/mdm_1/U0/MDM_Core_I1/JTAG_CONTROL_I/Use_BSCAN.command[0]_i_1_n_0                                                                                                                             |                                                                                                                                                       |                2 |              8 |
|  design_1_i/clk_wiz_1/inst/clk_out1                         |                                                                                                                                                                                                         | design_1_i/sha256IPCoProcessor_0/U0/sha256IPCoProcessor_v1_0_S00_AXI_inst/axi_awready_i_1_n_0                                                         |                4 |              8 |
|  design_1_i/clk_wiz_1/inst/clk_out1                         | design_1_i/axi_uartlite/U0/AXI_LITE_IPIF_I/I_SLAVE_ATTACHMENT/I_DECODER/fifo_wr                                                                                                                         |                                                                                                                                                       |                1 |              8 |
|  design_1_i/clk_wiz_1/inst/clk_out1                         |                                                                                                                                                                                                         | design_1_i/axi_uartlite/U0/AXI_LITE_IPIF_I/I_SLAVE_ATTACHMENT/rst                                                                                     |                4 |              8 |
|  design_1_i/mdm_1/U0/No_Dbg_Reg_Access.BUFG_DRCK/Dbg_Clk_31 | design_1_i/mdm_1/U0/MDM_Core_I1/JTAG_CONTROL_I/tdi_shifter0                                                                                                                                             |                                                                                                                                                       |                2 |              8 |
|  design_1_i/mdm_1/U0/No_Dbg_Reg_Access.BUFG_DRCK/Dbg_Clk_31 | design_1_i/microblaze_0/U0/MicroBlaze_Core_I/Performance.Core/Use_Debug_Logic.Master_Core.Debug_Perf/Using_PC_Breakpoints.All_PC_Brks[0].Serial_Interface_1.address_hit_I/Compare[0].SRLC16E_I/which_pc |                                                                                                                                                       |                7 |              8 |
|  design_1_i/mdm_1/U0/Use_E2.BSCAN_I/Ext_JTAG_UPDATE         | design_1_i/mdm_1/U0/MDM_Core_I1/JTAG_CONTROL_I/Use_BSCAN.FDC_I/command_1_reg[7]_0[0]                                                                                                                    |                                                                                                                                                       |                2 |              8 |
|  design_1_i/clk_wiz_1/inst/clk_out1                         | design_1_i/axi_uartlite/U0/UARTLITE_CORE_I/BAUD_RATE_I/en_16x_Baud                                                                                                                                      | design_1_i/axi_uartlite/U0/UARTLITE_CORE_I/UARTLITE_RX_I/SR[0]                                                                                        |                2 |             10 |
|  design_1_i/mdm_1/U0/No_Dbg_Reg_Access.BUFG_DRCK/Dbg_Clk_31 | design_1_i/mdm_1/U0/MDM_Core_I1/JTAG_CONTROL_I/Use_BSCAN.FDC_I/E[0]                                                                                                                                     |                                                                                                                                                       |                4 |             10 |
|  design_1_i/clk_wiz_1/inst/clk_out1                         |                                                                                                                                                                                                         | design_1_i/microblaze_0_axi_periph/xbar/inst/gen_sasd.crossbar_sasd_0/addr_arbiter_inst/SR[0]                                                         |                7 |             12 |
|  design_1_i/clk_wiz_1/inst/clk_out1                         | design_1_i/sha256IPCoProcessor_0/U0/sha256IPCoProcessor_v1_0_S00_AXI_inst/slv_reg15[6]_i_1_n_0                                                                                                          | design_1_i/sha256IPCoProcessor_0/U0/sha256IPCoProcessor_v1_0_S00_AXI_inst/axi_awready_i_1_n_0                                                         |               11 |             14 |
|  design_1_i/clk_wiz_1/inst/clk_out1                         | design_1_i/sha256IPCoProcessor_0/U0/sha256IPCoProcessor_v1_0_S00_AXI_inst/slv_reg12[6]_i_1_n_0                                                                                                          | design_1_i/sha256IPCoProcessor_0/U0/sha256IPCoProcessor_v1_0_S00_AXI_inst/axi_awready_i_1_n_0                                                         |               11 |             14 |
|  design_1_i/clk_wiz_1/inst/clk_out1                         | design_1_i/sha256IPCoProcessor_0/U0/sha256IPCoProcessor_v1_0_S00_AXI_inst/slv_reg11[6]_i_1_n_0                                                                                                          | design_1_i/sha256IPCoProcessor_0/U0/sha256IPCoProcessor_v1_0_S00_AXI_inst/axi_awready_i_1_n_0                                                         |               12 |             14 |
|  design_1_i/clk_wiz_1/inst/clk_out1                         | design_1_i/sha256IPCoProcessor_0/U0/sha256IPCoProcessor_v1_0_S00_AXI_inst/slv_reg13[6]_i_1_n_0                                                                                                          | design_1_i/sha256IPCoProcessor_0/U0/sha256IPCoProcessor_v1_0_S00_AXI_inst/axi_awready_i_1_n_0                                                         |               10 |             14 |
|  design_1_i/clk_wiz_1/inst/clk_out1                         | design_1_i/sha256IPCoProcessor_0/U0/sha256IPCoProcessor_v1_0_S00_AXI_inst/slv_reg14[6]_i_1_n_0                                                                                                          | design_1_i/sha256IPCoProcessor_0/U0/sha256IPCoProcessor_v1_0_S00_AXI_inst/axi_awready_i_1_n_0                                                         |               12 |             14 |
|  design_1_i/clk_wiz_1/inst/clk_out1                         | design_1_i/microblaze_0/U0/MicroBlaze_Core_I/Performance.Core/Decode_I/PreFetch_Buffer_I1/OF_Valid_DFF/E[0]                                                                                             | design_1_i/microblaze_0/U0/MicroBlaze_Core_I/sync_reset                                                                                               |                8 |             16 |
|  design_1_i/clk_wiz_1/inst/clk_out1                         | design_1_i/microblaze_0_axi_intc/U0/AXI_LITE_IPIF_I/I_SLAVE_ATTACHMENT/start2                                                                                                                           | design_1_i/microblaze_0_axi_intc/U0/AXI_LITE_IPIF_I/I_SLAVE_ATTACHMENT/I_DECODER/cs_ce_clr                                                            |                5 |             17 |
|  design_1_i/clk_wiz_1/inst/clk_out1                         | design_1_i/microblaze_0/U0/MicroBlaze_Core_I/Performance.Core/mem_databus_ready_sel_carry_or/MUXCY_I/lopt_4                                                                                             | design_1_i/microblaze_0/U0/MicroBlaze_Core_I/sync_reset                                                                                               |               12 |             21 |
|  design_1_i/clk_wiz_1/inst/clk_out1                         | design_1_i/microblaze_0_axi_periph/xbar/inst/gen_sasd.crossbar_sasd_0/addr_arbiter_inst/p_0_in1_in                                                                                                      | design_1_i/microblaze_0_axi_periph/xbar/inst/gen_sasd.crossbar_sasd_0/addr_arbiter_inst/SR[0]                                                         |                6 |             23 |
|  design_1_i/mdm_1/U0/No_Dbg_Reg_Access.BUFG_DRCK/Dbg_Clk_31 |                                                                                                                                                                                                         | design_1_i/mdm_1/U0/Use_E2.BSCAN_I/shift_n_reset                                                                                                      |                3 |             23 |
|  design_1_i/clk_wiz_1/inst/clk_out1                         |                                                                                                                                                                                                         | design_1_i/axi_uartlite/U0/UARTLITE_CORE_I/UARTLITE_RX_I/SR[0]                                                                                        |                9 |             25 |
|  design_1_i/clk_wiz_1/inst/clk_out1                         |                                                                                                                                                                                                         | design_1_i/microblaze_0_axi_intc/U0/INTC_CORE_I/SR[0]                                                                                                 |                8 |             28 |
|  design_1_i/clk_wiz_1/inst/clk_out1                         | design_1_i/sha256IPCoProcessor_0/U0/sha256IPCoProcessor_v1_0_S00_AXI_inst/W[54]_38                                                                                                                      | design_1_i/sha256IPCoProcessor_0/U0/sha256IPCoProcessor_v1_0_S00_AXI_inst/axi_awready_i_1_n_0                                                         |               13 |             32 |
|  design_1_i/clk_wiz_1/inst/clk_out1                         | design_1_i/sha256IPCoProcessor_0/U0/sha256IPCoProcessor_v1_0_S00_AXI_inst/W[55]_39                                                                                                                      | design_1_i/sha256IPCoProcessor_0/U0/sha256IPCoProcessor_v1_0_S00_AXI_inst/axi_awready_i_1_n_0                                                         |               14 |             32 |
|  design_1_i/clk_wiz_1/inst/clk_out1                         | design_1_i/sha256IPCoProcessor_0/U0/sha256IPCoProcessor_v1_0_S00_AXI_inst/W[44]_28                                                                                                                      | design_1_i/sha256IPCoProcessor_0/U0/sha256IPCoProcessor_v1_0_S00_AXI_inst/axi_awready_i_1_n_0                                                         |               17 |             32 |
|  design_1_i/clk_wiz_1/inst/clk_out1                         | design_1_i/sha256IPCoProcessor_0/U0/sha256IPCoProcessor_v1_0_S00_AXI_inst/W[52]_36                                                                                                                      | design_1_i/sha256IPCoProcessor_0/U0/sha256IPCoProcessor_v1_0_S00_AXI_inst/axi_awready_i_1_n_0                                                         |               12 |             32 |
|  design_1_i/clk_wiz_1/inst/clk_out1                         | design_1_i/sha256IPCoProcessor_0/U0/sha256IPCoProcessor_v1_0_S00_AXI_inst/W[5]_50                                                                                                                       | design_1_i/sha256IPCoProcessor_0/U0/sha256IPCoProcessor_v1_0_S00_AXI_inst/axi_awready_i_1_n_0                                                         |               16 |             32 |
|  design_1_i/clk_wiz_1/inst/clk_out1                         | design_1_i/sha256IPCoProcessor_0/U0/sha256IPCoProcessor_v1_0_S00_AXI_inst/W[58]_42                                                                                                                      | design_1_i/sha256IPCoProcessor_0/U0/sha256IPCoProcessor_v1_0_S00_AXI_inst/axi_awready_i_1_n_0                                                         |               14 |             32 |
|  design_1_i/clk_wiz_1/inst/clk_out1                         | design_1_i/sha256IPCoProcessor_0/U0/sha256IPCoProcessor_v1_0_S00_AXI_inst/W[46]_30                                                                                                                      | design_1_i/sha256IPCoProcessor_0/U0/sha256IPCoProcessor_v1_0_S00_AXI_inst/axi_awready_i_1_n_0                                                         |               16 |             32 |
|  design_1_i/clk_wiz_1/inst/clk_out1                         | design_1_i/sha256IPCoProcessor_0/U0/sha256IPCoProcessor_v1_0_S00_AXI_inst/W[43]_27                                                                                                                      | design_1_i/sha256IPCoProcessor_0/U0/sha256IPCoProcessor_v1_0_S00_AXI_inst/axi_awready_i_1_n_0                                                         |               13 |             32 |
|  design_1_i/clk_wiz_1/inst/clk_out1                         | design_1_i/sha256IPCoProcessor_0/U0/sha256IPCoProcessor_v1_0_S00_AXI_inst/W[51]_35                                                                                                                      | design_1_i/sha256IPCoProcessor_0/U0/sha256IPCoProcessor_v1_0_S00_AXI_inst/axi_awready_i_1_n_0                                                         |               14 |             32 |
|  design_1_i/clk_wiz_1/inst/clk_out1                         | design_1_i/sha256IPCoProcessor_0/U0/sha256IPCoProcessor_v1_0_S00_AXI_inst/W[49]_33                                                                                                                      | design_1_i/sha256IPCoProcessor_0/U0/sha256IPCoProcessor_v1_0_S00_AXI_inst/axi_awready_i_1_n_0                                                         |               14 |             32 |
|  design_1_i/clk_wiz_1/inst/clk_out1                         | design_1_i/sha256IPCoProcessor_0/U0/sha256IPCoProcessor_v1_0_S00_AXI_inst/W[50]_34                                                                                                                      | design_1_i/sha256IPCoProcessor_0/U0/sha256IPCoProcessor_v1_0_S00_AXI_inst/axi_awready_i_1_n_0                                                         |               15 |             32 |
|  design_1_i/clk_wiz_1/inst/clk_out1                         | design_1_i/sha256IPCoProcessor_0/U0/sha256IPCoProcessor_v1_0_S00_AXI_inst/W[41]_25                                                                                                                      | design_1_i/sha256IPCoProcessor_0/U0/sha256IPCoProcessor_v1_0_S00_AXI_inst/axi_awready_i_1_n_0                                                         |               13 |             32 |
|  design_1_i/clk_wiz_1/inst/clk_out1                         | design_1_i/sha256IPCoProcessor_0/U0/sha256IPCoProcessor_v1_0_S00_AXI_inst/W[40]_24                                                                                                                      | design_1_i/sha256IPCoProcessor_0/U0/sha256IPCoProcessor_v1_0_S00_AXI_inst/axi_awready_i_1_n_0                                                         |               11 |             32 |
|  design_1_i/clk_wiz_1/inst/clk_out1                         | design_1_i/sha256IPCoProcessor_0/U0/sha256IPCoProcessor_v1_0_S00_AXI_inst/W[47]_31                                                                                                                      | design_1_i/sha256IPCoProcessor_0/U0/sha256IPCoProcessor_v1_0_S00_AXI_inst/axi_awready_i_1_n_0                                                         |               14 |             32 |
|  design_1_i/clk_wiz_1/inst/clk_out1                         | design_1_i/sha256IPCoProcessor_0/U0/sha256IPCoProcessor_v1_0_S00_AXI_inst/W[4]_49                                                                                                                       | design_1_i/sha256IPCoProcessor_0/U0/sha256IPCoProcessor_v1_0_S00_AXI_inst/axi_awready_i_1_n_0                                                         |               20 |             32 |
|  design_1_i/clk_wiz_1/inst/clk_out1                         | design_1_i/sha256IPCoProcessor_0/U0/sha256IPCoProcessor_v1_0_S00_AXI_inst/W[56]_40                                                                                                                      | design_1_i/sha256IPCoProcessor_0/U0/sha256IPCoProcessor_v1_0_S00_AXI_inst/axi_awready_i_1_n_0                                                         |               13 |             32 |
|  design_1_i/clk_wiz_1/inst/clk_out1                         | design_1_i/sha256IPCoProcessor_0/U0/sha256IPCoProcessor_v1_0_S00_AXI_inst/W[59]_43                                                                                                                      | design_1_i/sha256IPCoProcessor_0/U0/sha256IPCoProcessor_v1_0_S00_AXI_inst/axi_awready_i_1_n_0                                                         |               15 |             32 |
|  design_1_i/clk_wiz_1/inst/clk_out1                         | design_1_i/sha256IPCoProcessor_0/U0/sha256IPCoProcessor_v1_0_S00_AXI_inst/W[60]_44                                                                                                                      | design_1_i/sha256IPCoProcessor_0/U0/sha256IPCoProcessor_v1_0_S00_AXI_inst/axi_awready_i_1_n_0                                                         |               10 |             32 |
|  design_1_i/clk_wiz_1/inst/clk_out1                         | design_1_i/sha256IPCoProcessor_0/U0/sha256IPCoProcessor_v1_0_S00_AXI_inst/W[34]_18                                                                                                                      | design_1_i/sha256IPCoProcessor_0/U0/sha256IPCoProcessor_v1_0_S00_AXI_inst/axi_awready_i_1_n_0                                                         |               13 |             32 |
|  design_1_i/clk_wiz_1/inst/clk_out1                         | design_1_i/sha256IPCoProcessor_0/U0/sha256IPCoProcessor_v1_0_S00_AXI_inst/W[45]_29                                                                                                                      | design_1_i/sha256IPCoProcessor_0/U0/sha256IPCoProcessor_v1_0_S00_AXI_inst/axi_awready_i_1_n_0                                                         |               13 |             32 |
|  design_1_i/clk_wiz_1/inst/clk_out1                         | design_1_i/sha256IPCoProcessor_0/U0/sha256IPCoProcessor_v1_0_S00_AXI_inst/W[8]_53                                                                                                                       | design_1_i/sha256IPCoProcessor_0/U0/sha256IPCoProcessor_v1_0_S00_AXI_inst/axi_awready_i_1_n_0                                                         |               24 |             32 |
|  design_1_i/clk_wiz_1/inst/clk_out1                         | design_1_i/sha256IPCoProcessor_0/U0/sha256IPCoProcessor_v1_0_S00_AXI_inst/W[9]_54                                                                                                                       | design_1_i/sha256IPCoProcessor_0/U0/sha256IPCoProcessor_v1_0_S00_AXI_inst/axi_awready_i_1_n_0                                                         |               17 |             32 |
|  design_1_i/clk_wiz_1/inst/clk_out1                         | design_1_i/microblaze_0_axi_intc/U0/AXI_LITE_IPIF_I/I_SLAVE_ATTACHMENT/s_axi_rdata_i                                                                                                                    | design_1_i/microblaze_0_axi_intc/U0/AXI_LITE_IPIF_I/I_SLAVE_ATTACHMENT/rst                                                                            |                8 |             32 |
|  design_1_i/clk_wiz_1/inst/clk_out1                         |                                                                                                                                                                                                         | design_1_i/microblaze_0/U0/MicroBlaze_Core_I/Performance.Core/p_1_out                                                                                 |               15 |             32 |
|  design_1_i/clk_wiz_1/inst/clk_out1                         | design_1_i/sha256IPCoProcessor_0/U0/sha256IPCoProcessor_v1_0_S00_AXI_inst/W[33]_17                                                                                                                      | design_1_i/sha256IPCoProcessor_0/U0/sha256IPCoProcessor_v1_0_S00_AXI_inst/axi_awready_i_1_n_0                                                         |               11 |             32 |
|  design_1_i/clk_wiz_1/inst/clk_out1                         | design_1_i/microblaze_0/U0/MicroBlaze_Core_I/Performance.Core/Decode_I/Use_MuxCy[2].OF_Piperun_Stage/MUXCY_I/lopt_1                                                                                     | design_1_i/microblaze_0/U0/MicroBlaze_Core_I/Performance.Core/Decode_I/R                                                                              |               12 |             32 |
|  design_1_i/clk_wiz_1/inst/clk_out1                         | design_1_i/microblaze_0/U0/MicroBlaze_Core_I/Performance.Core/Decode_I/Use_MuxCy[3].OF_Piperun_Stage/MUXCY_I/E[0]                                                                                       | design_1_i/microblaze_0/U0/MicroBlaze_Core_I/sync_reset                                                                                               |               12 |             32 |
|  design_1_i/clk_wiz_1/inst/clk_out1                         | design_1_i/sha256IPCoProcessor_0/U0/sha256IPCoProcessor_v1_0_S00_AXI_inst/W[27]_11                                                                                                                      | design_1_i/sha256IPCoProcessor_0/U0/sha256IPCoProcessor_v1_0_S00_AXI_inst/axi_awready_i_1_n_0                                                         |               12 |             32 |
|  design_1_i/clk_wiz_1/inst/clk_out1                         | design_1_i/sha256IPCoProcessor_0/U0/sha256IPCoProcessor_v1_0_S00_AXI_inst/W[29]_13                                                                                                                      | design_1_i/sha256IPCoProcessor_0/U0/sha256IPCoProcessor_v1_0_S00_AXI_inst/axi_awready_i_1_n_0                                                         |               14 |             32 |
|  design_1_i/clk_wiz_1/inst/clk_out1                         | design_1_i/microblaze_0/U0/MicroBlaze_Core_I/Performance.Core/Decode_I/jump_logic_I1/MUXCY_JUMP_CARRY6/if_pc_reg[0][0]                                                                                  | design_1_i/microblaze_0/U0/MicroBlaze_Core_I/sync_reset                                                                                               |                5 |             32 |
|  design_1_i/clk_wiz_1/inst/clk_out1                         | design_1_i/microblaze_0_axi_intc/U0/INTC_CORE_I/irq                                                                                                                                                     |                                                                                                                                                       |                9 |             32 |
|  design_1_i/clk_wiz_1/inst/clk_out1                         | design_1_i/microblaze_0/U0/MicroBlaze_Core_I/Performance.Core/Use_Debug_Logic.Master_Core.Debug_Perf/data_rd_reg[0]_i_1_n_0                                                                             | design_1_i/microblaze_0/U0/MicroBlaze_Core_I/sync_reset                                                                                               |               11 |             32 |
|  design_1_i/clk_wiz_1/inst/clk_out1                         | design_1_i/microblaze_0/U0/MicroBlaze_Core_I/Performance.Core/mem_databus_ready_sel_carry_or/MUXCY_I/lopt_4                                                                                             | design_1_i/microblaze_0/U0/MicroBlaze_Core_I/Performance.Core/Decode_I/SR[0]                                                                          |               12 |             32 |
|  design_1_i/clk_wiz_1/inst/clk_out1                         | design_1_i/sha256IPCoProcessor_0/U0/sha256IPCoProcessor_v1_0_S00_AXI_inst/W[16]_0                                                                                                                       | design_1_i/sha256IPCoProcessor_0/U0/sha256IPCoProcessor_v1_0_S00_AXI_inst/axi_awready_i_1_n_0                                                         |                8 |             32 |
|  design_1_i/clk_wiz_1/inst/clk_out1                         | design_1_i/sha256IPCoProcessor_0/U0/sha256IPCoProcessor_v1_0_S00_AXI_inst/W[17]_1                                                                                                                       | design_1_i/sha256IPCoProcessor_0/U0/sha256IPCoProcessor_v1_0_S00_AXI_inst/axi_awready_i_1_n_0                                                         |               10 |             32 |
|  design_1_i/clk_wiz_1/inst/clk_out1                         | design_1_i/sha256IPCoProcessor_0/U0/sha256IPCoProcessor_v1_0_S00_AXI_inst/W[12]_57                                                                                                                      | design_1_i/sha256IPCoProcessor_0/U0/sha256IPCoProcessor_v1_0_S00_AXI_inst/axi_awready_i_1_n_0                                                         |               18 |             32 |
|  design_1_i/clk_wiz_1/inst/clk_out1                         | design_1_i/sha256IPCoProcessor_0/U0/sha256IPCoProcessor_v1_0_S00_AXI_inst/W[10]_55                                                                                                                      | design_1_i/sha256IPCoProcessor_0/U0/sha256IPCoProcessor_v1_0_S00_AXI_inst/axi_awready_i_1_n_0                                                         |               15 |             32 |
|  design_1_i/clk_wiz_1/inst/clk_out1                         | design_1_i/sha256IPCoProcessor_0/U0/sha256IPCoProcessor_v1_0_S00_AXI_inst/W[11]_56                                                                                                                      | design_1_i/sha256IPCoProcessor_0/U0/sha256IPCoProcessor_v1_0_S00_AXI_inst/axi_awready_i_1_n_0                                                         |               16 |             32 |
|  design_1_i/clk_wiz_1/inst/clk_out1                         | design_1_i/sha256IPCoProcessor_0/U0/sha256IPCoProcessor_v1_0_S00_AXI_inst/W[13]_58                                                                                                                      | design_1_i/sha256IPCoProcessor_0/U0/sha256IPCoProcessor_v1_0_S00_AXI_inst/axi_awready_i_1_n_0                                                         |               17 |             32 |
|  design_1_i/clk_wiz_1/inst/clk_out1                         | design_1_i/sha256IPCoProcessor_0/U0/sha256IPCoProcessor_v1_0_S00_AXI_inst/W[14]_59                                                                                                                      | design_1_i/sha256IPCoProcessor_0/U0/sha256IPCoProcessor_v1_0_S00_AXI_inst/axi_awready_i_1_n_0                                                         |               14 |             32 |
|  design_1_i/clk_wiz_1/inst/clk_out1                         | design_1_i/sha256IPCoProcessor_0/U0/sha256IPCoProcessor_v1_0_S00_AXI_inst/W[15][31]_i_1_n_0                                                                                                             | design_1_i/sha256IPCoProcessor_0/U0/sha256IPCoProcessor_v1_0_S00_AXI_inst/axi_awready_i_1_n_0                                                         |               16 |             32 |
|  design_1_i/clk_wiz_1/inst/clk_out1                         | design_1_i/sha256IPCoProcessor_0/U0/sha256IPCoProcessor_v1_0_S00_AXI_inst/W[0][31]_i_1_n_0                                                                                                              | design_1_i/sha256IPCoProcessor_0/U0/sha256IPCoProcessor_v1_0_S00_AXI_inst/axi_awready_i_1_n_0                                                         |               13 |             32 |
|  design_1_i/clk_wiz_1/inst/clk_out1                         | design_1_i/sha256IPCoProcessor_0/U0/sha256IPCoProcessor_v1_0_S00_AXI_inst/W[25]_9                                                                                                                       | design_1_i/sha256IPCoProcessor_0/U0/sha256IPCoProcessor_v1_0_S00_AXI_inst/axi_awready_i_1_n_0                                                         |                8 |             32 |
|  design_1_i/clk_wiz_1/inst/clk_out1                         | design_1_i/sha256IPCoProcessor_0/U0/sha256IPCoProcessor_v1_0_S00_AXI_inst/W[2][31]_i_1_n_0                                                                                                              | design_1_i/sha256IPCoProcessor_0/U0/sha256IPCoProcessor_v1_0_S00_AXI_inst/axi_awready_i_1_n_0                                                         |               19 |             32 |
|  design_1_i/clk_wiz_1/inst/clk_out1                         | design_1_i/sha256IPCoProcessor_0/U0/sha256IPCoProcessor_v1_0_S00_AXI_inst/W[28]_12                                                                                                                      | design_1_i/sha256IPCoProcessor_0/U0/sha256IPCoProcessor_v1_0_S00_AXI_inst/axi_awready_i_1_n_0                                                         |                7 |             32 |
|  design_1_i/clk_wiz_1/inst/clk_out1                         | design_1_i/sha256IPCoProcessor_0/U0/sha256IPCoProcessor_v1_0_S00_AXI_inst/axi_rdata[31]_i_1_n_0                                                                                                         | design_1_i/sha256IPCoProcessor_0/U0/sha256IPCoProcessor_v1_0_S00_AXI_inst/axi_awready_i_1_n_0                                                         |               22 |             32 |
|  design_1_i/clk_wiz_1/inst/clk_out1                         | design_1_i/microblaze_0_axi_periph/xbar/inst/gen_sasd.crossbar_sasd_0/reg_slice_r/s_axi_rvalid[0]                                                                                                       | design_1_i/microblaze_0/U0/MicroBlaze_Core_I/sync_reset                                                                                               |               12 |             32 |
|  design_1_i/clk_wiz_1/inst/clk_out1                         | design_1_i/sha256IPCoProcessor_0/U0/sha256IPCoProcessor_v1_0_S00_AXI_inst/W[24]_8                                                                                                                       | design_1_i/sha256IPCoProcessor_0/U0/sha256IPCoProcessor_v1_0_S00_AXI_inst/axi_awready_i_1_n_0                                                         |                9 |             32 |
|  design_1_i/clk_wiz_1/inst/clk_out1                         | design_1_i/microblaze_0_axi_periph/xbar/inst/gen_sasd.crossbar_sasd_0/reg_slice_r/aa_rready                                                                                                             |                                                                                                                                                       |               10 |             32 |
|  design_1_i/clk_wiz_1/inst/clk_out1                         | design_1_i/sha256IPCoProcessor_0/U0/sha256IPCoProcessor_v1_0_S00_AXI_inst/W[20]_4                                                                                                                       | design_1_i/sha256IPCoProcessor_0/U0/sha256IPCoProcessor_v1_0_S00_AXI_inst/axi_awready_i_1_n_0                                                         |               13 |             32 |
|  design_1_i/clk_wiz_1/inst/clk_out1                         | design_1_i/sha256IPCoProcessor_0/U0/sha256IPCoProcessor_v1_0_S00_AXI_inst/s_iter0                                                                                                                       | design_1_i/sha256IPCoProcessor_0/U0/sha256IPCoProcessor_v1_0_S00_AXI_inst/axi_awready_i_1_n_0                                                         |               17 |             32 |
|  design_1_i/clk_wiz_1/inst/clk_out1                         | design_1_i/sha256IPCoProcessor_0/U0/sha256IPCoProcessor_v1_0_S00_AXI_inst/s_iter1                                                                                                                       | design_1_i/sha256IPCoProcessor_0/U0/sha256IPCoProcessor_v1_0_S00_AXI_inst/axi_awready_i_1_n_0                                                         |               22 |             32 |
|  design_1_i/clk_wiz_1/inst/clk_out1                         | design_1_i/sha256IPCoProcessor_0/U0/sha256IPCoProcessor_v1_0_S00_AXI_inst/W[26]_10                                                                                                                      | design_1_i/sha256IPCoProcessor_0/U0/sha256IPCoProcessor_v1_0_S00_AXI_inst/axi_awready_i_1_n_0                                                         |                9 |             32 |
|  design_1_i/clk_wiz_1/inst/clk_out1                         | design_1_i/sha256IPCoProcessor_0/U0/sha256IPCoProcessor_v1_0_S00_AXI_inst/W[19]_3                                                                                                                       | design_1_i/sha256IPCoProcessor_0/U0/sha256IPCoProcessor_v1_0_S00_AXI_inst/axi_awready_i_1_n_0                                                         |               11 |             32 |
|  design_1_i/clk_wiz_1/inst/clk_out1                         | design_1_i/sha256IPCoProcessor_0/U0/sha256IPCoProcessor_v1_0_S00_AXI_inst/W[22]_6                                                                                                                       | design_1_i/sha256IPCoProcessor_0/U0/sha256IPCoProcessor_v1_0_S00_AXI_inst/axi_awready_i_1_n_0                                                         |               11 |             32 |
|  design_1_i/clk_wiz_1/inst/clk_out1                         | design_1_i/sha256IPCoProcessor_0/U0/sha256IPCoProcessor_v1_0_S00_AXI_inst/W[35]_19                                                                                                                      | design_1_i/sha256IPCoProcessor_0/U0/sha256IPCoProcessor_v1_0_S00_AXI_inst/axi_awready_i_1_n_0                                                         |               13 |             32 |
|  design_1_i/clk_wiz_1/inst/clk_out1                         | design_1_i/sha256IPCoProcessor_0/U0/sha256IPCoProcessor_v1_0_S00_AXI_inst/W[21]_5                                                                                                                       | design_1_i/sha256IPCoProcessor_0/U0/sha256IPCoProcessor_v1_0_S00_AXI_inst/axi_awready_i_1_n_0                                                         |               11 |             32 |
|  design_1_i/clk_wiz_1/inst/clk_out1                         | design_1_i/sha256IPCoProcessor_0/U0/sha256IPCoProcessor_v1_0_S00_AXI_inst/W[36]_20                                                                                                                      | design_1_i/sha256IPCoProcessor_0/U0/sha256IPCoProcessor_v1_0_S00_AXI_inst/axi_awready_i_1_n_0                                                         |               11 |             32 |
|  design_1_i/clk_wiz_1/inst/clk_out1                         | design_1_i/sha256IPCoProcessor_0/U0/sha256IPCoProcessor_v1_0_S00_AXI_inst/W[30]_14                                                                                                                      | design_1_i/sha256IPCoProcessor_0/U0/sha256IPCoProcessor_v1_0_S00_AXI_inst/axi_awready_i_1_n_0                                                         |               10 |             32 |
|  design_1_i/clk_wiz_1/inst/clk_out1                         | design_1_i/sha256IPCoProcessor_0/U0/sha256IPCoProcessor_v1_0_S00_AXI_inst/W[31]_15                                                                                                                      | design_1_i/sha256IPCoProcessor_0/U0/sha256IPCoProcessor_v1_0_S00_AXI_inst/axi_awready_i_1_n_0                                                         |               17 |             32 |
|  design_1_i/clk_wiz_1/inst/clk_out1                         | design_1_i/sha256IPCoProcessor_0/U0/sha256IPCoProcessor_v1_0_S00_AXI_inst/W[37]_21                                                                                                                      | design_1_i/sha256IPCoProcessor_0/U0/sha256IPCoProcessor_v1_0_S00_AXI_inst/axi_awready_i_1_n_0                                                         |               12 |             32 |
|  design_1_i/clk_wiz_1/inst/clk_out1                         | design_1_i/sha256IPCoProcessor_0/U0/sha256IPCoProcessor_v1_0_S00_AXI_inst/W[62]_46                                                                                                                      | design_1_i/sha256IPCoProcessor_0/U0/sha256IPCoProcessor_v1_0_S00_AXI_inst/axi_awready_i_1_n_0                                                         |               15 |             32 |
|  design_1_i/clk_wiz_1/inst/clk_out1                         | design_1_i/sha256IPCoProcessor_0/U0/sha256IPCoProcessor_v1_0_S00_AXI_inst/W[38]_22                                                                                                                      | design_1_i/sha256IPCoProcessor_0/U0/sha256IPCoProcessor_v1_0_S00_AXI_inst/axi_awready_i_1_n_0                                                         |               15 |             32 |
|  design_1_i/clk_wiz_1/inst/clk_out1                         | design_1_i/sha256IPCoProcessor_0/U0/sha256IPCoProcessor_v1_0_S00_AXI_inst/W[32]_16                                                                                                                      | design_1_i/sha256IPCoProcessor_0/U0/sha256IPCoProcessor_v1_0_S00_AXI_inst/axi_awready_i_1_n_0                                                         |                8 |             32 |
|  design_1_i/clk_wiz_1/inst/clk_out1                         | design_1_i/sha256IPCoProcessor_0/U0/sha256IPCoProcessor_v1_0_S00_AXI_inst/W[39]_23                                                                                                                      | design_1_i/sha256IPCoProcessor_0/U0/sha256IPCoProcessor_v1_0_S00_AXI_inst/axi_awready_i_1_n_0                                                         |               13 |             32 |
|  design_1_i/mdm_1/U0/No_Dbg_Reg_Access.BUFG_DRCK/Dbg_Clk_31 | design_1_i/microblaze_0/U0/MicroBlaze_Core_I/Performance.Core/Use_Debug_Logic.Master_Core.Debug_Perf/New_Dbg_Instr_TCK                                                                                  |                                                                                                                                                       |                9 |             32 |
|  design_1_i/clk_wiz_1/inst/clk_out1                         | design_1_i/sha256IPCoProcessor_0/U0/sha256IPCoProcessor_v1_0_S00_AXI_inst/W[3][31]_i_1_n_0                                                                                                              | design_1_i/sha256IPCoProcessor_0/U0/sha256IPCoProcessor_v1_0_S00_AXI_inst/axi_awready_i_1_n_0                                                         |               16 |             32 |
|  design_1_i/clk_wiz_1/inst/clk_out1                         | design_1_i/sha256IPCoProcessor_0/U0/sha256IPCoProcessor_v1_0_S00_AXI_inst/W[18]_2                                                                                                                       | design_1_i/sha256IPCoProcessor_0/U0/sha256IPCoProcessor_v1_0_S00_AXI_inst/axi_awready_i_1_n_0                                                         |               15 |             32 |
|  design_1_i/clk_wiz_1/inst/clk_out1                         | design_1_i/sha256IPCoProcessor_0/U0/sha256IPCoProcessor_v1_0_S00_AXI_inst/W[23]_7                                                                                                                       | design_1_i/sha256IPCoProcessor_0/U0/sha256IPCoProcessor_v1_0_S00_AXI_inst/axi_awready_i_1_n_0                                                         |               13 |             32 |
|  design_1_i/clk_wiz_1/inst/clk_out1                         | design_1_i/sha256IPCoProcessor_0/U0/sha256IPCoProcessor_v1_0_S00_AXI_inst/W[1][31]_i_1_n_0                                                                                                              | design_1_i/sha256IPCoProcessor_0/U0/sha256IPCoProcessor_v1_0_S00_AXI_inst/axi_awready_i_1_n_0                                                         |               14 |             32 |
|  design_1_i/clk_wiz_1/inst/clk_out1                         | design_1_i/sha256IPCoProcessor_0/U0/sha256IPCoProcessor_v1_0_S00_AXI_inst/W[61]_45                                                                                                                      | design_1_i/sha256IPCoProcessor_0/U0/sha256IPCoProcessor_v1_0_S00_AXI_inst/axi_awready_i_1_n_0                                                         |               15 |             32 |
|  design_1_i/clk_wiz_1/inst/clk_out1                         | design_1_i/sha256IPCoProcessor_0/U0/sha256IPCoProcessor_v1_0_S00_AXI_inst/W[63]_47                                                                                                                      | design_1_i/sha256IPCoProcessor_0/U0/sha256IPCoProcessor_v1_0_S00_AXI_inst/axi_awready_i_1_n_0                                                         |               15 |             32 |
|  design_1_i/clk_wiz_1/inst/clk_out1                         | design_1_i/sha256IPCoProcessor_0/U0/sha256IPCoProcessor_v1_0_S00_AXI_inst/W[64]_48                                                                                                                      | design_1_i/sha256IPCoProcessor_0/U0/sha256IPCoProcessor_v1_0_S00_AXI_inst/axi_awready_i_1_n_0                                                         |                9 |             32 |
|  design_1_i/clk_wiz_1/inst/clk_out1                         | design_1_i/sha256IPCoProcessor_0/U0/sha256IPCoProcessor_v1_0_S00_AXI_inst/W[48]_32                                                                                                                      | design_1_i/sha256IPCoProcessor_0/U0/sha256IPCoProcessor_v1_0_S00_AXI_inst/axi_awready_i_1_n_0                                                         |               12 |             32 |
|  design_1_i/clk_wiz_1/inst/clk_out1                         | design_1_i/sha256IPCoProcessor_0/U0/sha256IPCoProcessor_v1_0_S00_AXI_inst/W[53]_37                                                                                                                      | design_1_i/sha256IPCoProcessor_0/U0/sha256IPCoProcessor_v1_0_S00_AXI_inst/axi_awready_i_1_n_0                                                         |               12 |             32 |
|  design_1_i/clk_wiz_1/inst/clk_out1                         | design_1_i/sha256IPCoProcessor_0/U0/sha256IPCoProcessor_v1_0_S00_AXI_inst/W[57]_41                                                                                                                      | design_1_i/sha256IPCoProcessor_0/U0/sha256IPCoProcessor_v1_0_S00_AXI_inst/axi_awready_i_1_n_0                                                         |               11 |             32 |
|  design_1_i/clk_wiz_1/inst/clk_out1                         | design_1_i/sha256IPCoProcessor_0/U0/sha256IPCoProcessor_v1_0_S00_AXI_inst/W[6]_51                                                                                                                       | design_1_i/sha256IPCoProcessor_0/U0/sha256IPCoProcessor_v1_0_S00_AXI_inst/axi_awready_i_1_n_0                                                         |               16 |             32 |
|  design_1_i/clk_wiz_1/inst/clk_out1                         | design_1_i/sha256IPCoProcessor_0/U0/sha256IPCoProcessor_v1_0_S00_AXI_inst/W[42]_26                                                                                                                      | design_1_i/sha256IPCoProcessor_0/U0/sha256IPCoProcessor_v1_0_S00_AXI_inst/axi_awready_i_1_n_0                                                         |               11 |             32 |
|  design_1_i/clk_wiz_1/inst/clk_out1                         | design_1_i/sha256IPCoProcessor_0/U0/sha256IPCoProcessor_v1_0_S00_AXI_inst/W[7]_52                                                                                                                       | design_1_i/sha256IPCoProcessor_0/U0/sha256IPCoProcessor_v1_0_S00_AXI_inst/axi_awready_i_1_n_0                                                         |               17 |             32 |
|  design_1_i/clk_wiz_1/inst/clk_out1                         | design_1_i/microblaze_0_axi_periph/xbar/inst/gen_sasd.crossbar_sasd_0/addr_arbiter_inst/E[0]                                                                                                            |                                                                                                                                                       |               13 |             33 |
|  design_1_i/clk_wiz_1/inst/clk_out1                         | design_1_i/microblaze_0/U0/MicroBlaze_Core_I/Performance.Core/mem_databus_ready_sel_carry_or/MUXCY_I/lopt_4                                                                                             |                                                                                                                                                       |                9 |             34 |
|  design_1_i/clk_wiz_1/inst/clk_out1                         | design_1_i/sha256IPCoProcessor_0/U0/sha256IPCoProcessor_v1_0_S00_AXI_inst/s_compressionI[31]_i_2_n_0                                                                                                    | design_1_i/sha256IPCoProcessor_0/U0/sha256IPCoProcessor_v1_0_S00_AXI_inst/s_compressionI[31]_i_1_n_0                                                  |               15 |             44 |
|  design_1_i/mdm_1/U0/No_Dbg_Reg_Access.BUFG_DRCK/Dbg_Clk_31 | design_1_i/mdm_1/U0/Use_E2.BSCAN_I/Dbg_Capture_0                                                                                                                                                        |                                                                                                                                                       |               12 |             47 |
|  design_1_i/clk_wiz_1/inst/clk_out1                         | design_1_i/microblaze_0_axi_intc/U0/AXI_LITE_IPIF_I/I_SLAVE_ATTACHMENT/I_DECODER/bus2ip_wrce[0]                                                                                                         |                                                                                                                                                       |                8 |             64 |
|  design_1_i/clk_wiz_1/inst/clk_out1                         | design_1_i/sha256IPCoProcessor_0/U0/sha256IPCoProcessor_v1_0_S00_AXI_inst/s_entend_s0_0                                                                                                                 |                                                                                                                                                       |               13 |             64 |
|  design_1_i/clk_wiz_1/inst/clk_out1                         | design_1_i/microblaze_0/U0/MicroBlaze_Core_I/Performance.Core/Use_Debug_Logic.Master_Core.Debug_Perf/IReady_0                                                                                           |                                                                                                                                                       |               10 |             75 |
|  design_1_i/clk_wiz_1/inst/clk_out1                         | design_1_i/sha256IPCoProcessor_0/U0/sha256IPCoProcessor_v1_0_S00_AXI_inst/s_extendI[31]_i_2_n_0                                                                                                         | design_1_i/sha256IPCoProcessor_0/U0/sha256IPCoProcessor_v1_0_S00_AXI_inst/s_extendI[31]_i_1_n_0                                                       |               41 |             76 |
|  design_1_i/mdm_1/U0/No_Dbg_Reg_Access.BUFG_DRCK/Dbg_Clk_31 |                                                                                                                                                                                                         |                                                                                                                                                       |               30 |             80 |
|  design_1_i/clk_wiz_1/inst/clk_out1                         | design_1_i/microblaze_0/U0/MicroBlaze_Core_I/Performance.Core/Decode_I/Use_MuxCy[2].OF_Piperun_Stage/MUXCY_I/lopt_1                                                                                     | design_1_i/microblaze_0/U0/MicroBlaze_Core_I/sync_reset                                                                                               |               37 |             81 |
|  design_1_i/clk_wiz_1/inst/clk_out1                         | design_1_i/microblaze_0/U0/MicroBlaze_Core_I/Performance.Core/Decode_I/mb_halted_1_reg[27]                                                                                                              |                                                                                                                                                       |               16 |            128 |
|  design_1_i/clk_wiz_1/inst/clk_out1                         | design_1_i/sha256IPCoProcessor_0/U0/sha256IPCoProcessor_v1_0_S00_AXI_inst/s_ch                                                                                                                          |                                                                                                                                                       |               31 |            128 |
|  design_1_i/clk_wiz_1/inst/clk_out1                         |                                                                                                                                                                                                         | design_1_i/microblaze_0/U0/MicroBlaze_Core_I/sync_reset                                                                                               |               67 |            153 |
|  design_1_i/clk_wiz_1/inst/clk_out1                         |                                                                                                                                                                                                         |                                                                                                                                                       |               86 |            211 |
|  design_1_i/clk_wiz_1/inst/clk_out1                         | design_1_i/microblaze_0/U0/MicroBlaze_Core_I/Performance.Core/Decode_I/Use_MuxCy[10].OF_Piperun_Stage/MUXCY_I/lopt_1                                                                                    | design_1_i/microblaze_0/U0/MicroBlaze_Core_I/sync_reset                                                                                               |               92 |            221 |
|  design_1_i/clk_wiz_1/inst/clk_out1                         | design_1_i/sha256IPCoProcessor_0/U0/sha256IPCoProcessor_v1_0_S00_AXI_inst/s_digest                                                                                                                      | design_1_i/sha256IPCoProcessor_0/U0/sha256IPCoProcessor_v1_0_S00_AXI_inst/axi_awready_i_1_n_0                                                         |               70 |            256 |
|  design_1_i/clk_wiz_1/inst/clk_out1                         | design_1_i/sha256IPCoProcessor_0/U0/sha256IPCoProcessor_v1_0_S00_AXI_inst/s_h0                                                                                                                          | design_1_i/sha256IPCoProcessor_0/U0/sha256IPCoProcessor_v1_0_S00_AXI_inst/axi_awready_i_1_n_0                                                         |               64 |            256 |
|  design_1_i/clk_wiz_1/inst/clk_out1                         | design_1_i/sha256IPCoProcessor_0/U0/sha256IPCoProcessor_v1_0_S00_AXI_inst/s_a[31]_i_1_n_0                                                                                                               |                                                                                                                                                       |               94 |            256 |
+-------------------------------------------------------------+---------------------------------------------------------------------------------------------------------------------------------------------------------------------------------------------------------+-------------------------------------------------------------------------------------------------------------------------------------------------------+------------------+----------------+


+--------+-----------------------+
| Fanout | Number of ControlSets |
+--------+-----------------------+
| 1      |                    13 |
| 2      |                     2 |
| 3      |                     1 |
| 4      |                     7 |
| 5      |                     4 |
| 6      |                     7 |
| 7      |                     1 |
| 8      |                    10 |
| 10     |                     2 |
| 12     |                     1 |
| 14     |                     5 |
| 16+    |                   104 |
+--------+-----------------------+


